../Core/Src/main.c:70:13:vDeferredHandlingFunction	16	static
../Core/Src/main.c:75:6:HAL_GPIO_EXTI_Callback	24	static,ignoring_inline_asm
../Core/Src/main.c:85:13:vEventBitSettingTask	32	static
../Core/Src/main.c:101:13:vEventBitReadingTask	136	static
../Core/Src/main.c:133:5:main	16	static
../Core/Src/main.c:211:6:SystemClock_Config	88	static
../Core/Src/main.c:257:13:MX_USART2_UART_Init	8	static
../Core/Src/main.c:290:13:MX_GPIO_Init	40	static
../Core/Src/main.c:345:6:HAL_TIM_PeriodElapsedCallback	16	static
../Core/Src/main.c:362:6:Error_Handler	4	static,ignoring_inline_asm
