../Core/Src/main.c:71:6:vADCTaskHandler	128	static
../Core/Src/main.c:95:6:HAL_ADC_ConvCpltCallback	32	static,ignoring_inline_asm
../Core/Src/main.c:106:6:HAL_GPIO_EXTI_Callback	16	static
../Core/Src/main.c:120:5:main	16	static
../Core/Src/main.c:198:6:SystemClock_Config	88	static
../Core/Src/main.c:244:13:MX_ADC1_Init	24	static
../Core/Src/main.c:296:13:MX_USART2_UART_Init	8	static
../Core/Src/main.c:329:13:MX_GPIO_Init	40	static
../Core/Src/main.c:384:6:HAL_TIM_PeriodElapsedCallback	16	static
../Core/Src/main.c:401:6:Error_Handler	4	static,ignoring_inline_asm
