../Core/Src/main.c:71:6:vSetupTimerForRunTimeStats	8	static
../Core/Src/main.c:75:13:prvStatsTask	32	static
../Core/Src/main.c:92:6:LedTask	16	static
../Core/Src/main.c:106:5:main	16	static
../Core/Src/main.c:186:6:SystemClock_Config	88	static
../Core/Src/main.c:232:13:MX_ADC1_Init	24	static
../Core/Src/main.c:284:13:MX_TIM13_Init	8	static
../Core/Src/main.c:315:13:MX_USART2_UART_Init	8	static
../Core/Src/main.c:348:13:MX_GPIO_Init	40	static
../Core/Src/main.c:403:6:HAL_TIM_PeriodElapsedCallback	16	static
../Core/Src/main.c:423:6:Error_Handler	4	static,ignoring_inline_asm
