../Core/Src/main.c:72:6:vAFunction	8	static
../Core/Src/main.c:76:6:vUpdateMailbox	24	static
../Core/Src/main.c:85:12:vReadMailbox	24	static
../Core/Src/main.c:100:6:generatorTask	24	static
../Core/Src/main.c:111:6:listenerTask	80	static
../Core/Src/main.c:136:5:main	16	static
../Core/Src/main.c:215:6:SystemClock_Config	88	static
../Core/Src/main.c:261:13:MX_USART2_UART_Init	8	static
../Core/Src/main.c:294:13:MX_GPIO_Init	40	static
../Core/Src/main.c:339:6:HAL_TIM_PeriodElapsedCallback	16	static
../Core/Src/main.c:356:6:Error_Handler	4	static,ignoring_inline_asm
