16:24:52 **** Incremental Build of configuration Debug for project 002_FreeRTOS_Heap_4_USER_ALLOCATION ****
make -j4 all 
arm-none-eabi-gcc "../Core/Src/main.c" -mcpu=cortex-m4 -std=gnu11 -g3 -DDEBUG -DUSE_HAL_DRIVER -DSTM32F407xx -c -I../Core/Inc -I../Drivers/STM32F4xx_HAL_Driver/Inc -I../Drivers/STM32F4xx_HAL_Driver/Inc/Legacy -I../Middlewares/Third_Party/FreeRTOS/Source/include -I../Middlewares/Third_Party/FreeRTOS/Source/CMSIS_RTOS_V2 -I../Middlewares/Third_Party/FreeRTOS/Source/portable/GCC/ARM_CM4F -I../Drivers/CMSIS/Device/ST/STM32F4xx/Include -I../Drivers/CMSIS/Include -O0 -ffunction-sections -fdata-sections -Wall -fstack-usage -fcyclomatic-complexity -MMD -MP -MF"Core/Src/main.d" -MT"Core/Src/main.o" --specs=nano.specs -mfpu=fpv4-sp-d16 -mfloat-abi=hard -mthumb -o "Core/Src/main.o"
arm-none-eabi-gcc -o "002_FreeRTOS_Heap_4_USER_ALLOCATION.elf" @"objects.list"   -mcpu=cortex-m4 -T"C:\Users\mehmet.sahin\Desktop\BOOKS\Embedded_Systems\FreeRTOS\Mastering_the_FreeRTOS_Real_Time_Kernel\ST_Workspace\002_FreeRTOS_Heap_4_USER_ALLOCATION\STM32F407VGTX_FLASH.ld" --specs=nosys.specs -Wl,-Map="002_FreeRTOS_Heap_4_USER_ALLOCATION.map" -Wl,--gc-sections -static --specs=nano.specs -mfpu=fpv4-sp-d16 -mfloat-abi=hard -mthumb -Wl,--start-group -lc -lm -Wl,--end-group
Finished building target: 002_FreeRTOS_Heap_4_USER_ALLOCATION.elf
 
arm-none-eabi-size   002_FreeRTOS_Heap_4_USER_ALLOCATION.elf 
arm-none-eabi-objdump -h -S  002_FreeRTOS_Heap_4_USER_ALLOCATION.elf  > "002_FreeRTOS_Heap_4_USER_ALLOCATION.list"
   text	   data	    bss	    dec	    hex	filename
  22448	  15384	   5112	  42944	   a7c0	002_FreeRTOS_Heap_4_USER_ALLOCATION.elf
Finished building: default.size.stdout
 
Finished building: 002_FreeRTOS_Heap_4_USER_ALLOCATION.list
 

16:24:54 Build Finished. 0 errors, 0 warnings. (took 1s.620ms)

