14:12:31 **** Incremental Build of configuration Debug for project 030_FreeRTOS_REENTRANT_FUNCTION ****
make -j4 all 
arm-none-eabi-gcc "../Core/Src/main.c" -mcpu=cortex-m4 -std=gnu11 -g3 -DDEBUG -DUSE_HAL_DRIVER -DSTM32F407xx -c -I../Core/Inc -I../Drivers/STM32F4xx_HAL_Driver/Inc -I../Drivers/STM32F4xx_HAL_Driver/Inc/Legacy -I../Middlewares/Third_Party/FreeRTOS/Source/include -I../Middlewares/Third_Party/FreeRTOS/Source/CMSIS_RTOS_V2 -I../Middlewares/Third_Party/FreeRTOS/Source/portable/GCC/ARM_CM4F -I../Drivers/CMSIS/Device/ST/STM32F4xx/Include -I../Drivers/CMSIS/Include -O0 -ffunction-sections -fdata-sections -Wall -fstack-usage -fcyclomatic-complexity -MMD -MP -MF"Core/Src/main.d" -MT"Core/Src/main.o" --specs=nano.specs -mfpu=fpv4-sp-d16 -mfloat-abi=hard -mthumb -o "Core/Src/main.o"
../Core/Src/main.c: In function 'lNonsenseFunction_not_REENTRANT':
../Core/Src/main.c:72:7: warning: variable 'lReturn' set but not used [-Wunused-but-set-variable]
   72 |  long lReturn;
      |       ^~~~~~~
../Core/Src/main.c:71:14: warning: variable 'lState' set but not used [-Wunused-but-set-variable]
   71 |  static long lState = 0;
      |              ^~~~~~
../Core/Src/main.c:82:1: warning: control reaches end of non-void function [-Wreturn-type]
   82 | }
      | ^
arm-none-eabi-gcc -o "030_FreeRTOS_REENTRANT_FUNCTION.elf" @"objects.list"   -mcpu=cortex-m4 -T"C:\Users\mehmet.sahin\Desktop\BOOKS\Embedded_Systems\FreeRTOS\Mastering_the_FreeRTOS_Real_Time_Kernel\ST_Workspace\030_FreeRTOS_REENTRANT_FUNCTION\STM32F407VGTX_FLASH.ld" --specs=nosys.specs -Wl,-Map="030_FreeRTOS_REENTRANT_FUNCTION.map" -Wl,--gc-sections -static --specs=nano.specs -mfpu=fpv4-sp-d16 -mfloat-abi=hard -mthumb -Wl,--start-group -lc -lm -Wl,--end-group
Finished building target: 030_FreeRTOS_REENTRANT_FUNCTION.elf
 
arm-none-eabi-size   030_FreeRTOS_REENTRANT_FUNCTION.elf 
arm-none-eabi-objdump -h -S  030_FreeRTOS_REENTRANT_FUNCTION.elf  > "030_FreeRTOS_REENTRANT_FUNCTION.list"
   text	   data	    bss	    dec	    hex	filename
  22180	    124	   5308	  27612	   6bdc	030_FreeRTOS_REENTRANT_FUNCTION.elf
Finished building: default.size.stdout
 
Finished building: 030_FreeRTOS_REENTRANT_FUNCTION.list
 

14:12:34 Build Finished. 0 errors, 3 warnings. (took 2s.220ms)

