16:21:43 **** Incremental Build of configuration Debug for project 042_FreeRTOS_ADC_Task_Notification ****
make -j4 all 
arm-none-eabi-gcc "../Core/Src/main.c" -mcpu=cortex-m4 -std=gnu11 -g3 -DDEBUG -DUSE_HAL_DRIVER -DSTM32F407xx -c -I../Core/Inc -I../Drivers/STM32F4xx_HAL_Driver/Inc -I../Drivers/STM32F4xx_HAL_Driver/Inc/Legacy -I../Middlewares/Third_Party/FreeRTOS/Source/include -I../Middlewares/Third_Party/FreeRTOS/Source/CMSIS_RTOS_V2 -I../Middlewares/Third_Party/FreeRTOS/Source/portable/GCC/ARM_CM4F -I../Drivers/CMSIS/Device/ST/STM32F4xx/Include -I../Drivers/CMSIS/Include -O0 -ffunction-sections -fdata-sections -Wall -fstack-usage -fcyclomatic-complexity -MMD -MP -MF"Core/Src/main.d" -MT"Core/Src/main.o" --specs=nano.specs -mfpu=fpv4-sp-d16 -mfloat-abi=hard -mthumb -o "Core/Src/main.o"
arm-none-eabi-gcc -o "042_FreeRTOS_ADC_Task_Notification.elf" @"objects.list"   -mcpu=cortex-m4 -T"C:\Users\mehmet.sahin\Desktop\BOOKS\Embedded_Systems\FreeRTOS\Mastering_the_FreeRTOS_Real_Time_Kernel\ST_Workspace\042_FreeRTOS_ADC_Task_Notification\STM32F407VGTX_FLASH.ld" --specs=nosys.specs -Wl,-Map="042_FreeRTOS_ADC_Task_Notification.map" -Wl,--gc-sections -static --specs=nano.specs -mfpu=fpv4-sp-d16 -mfloat-abi=hard -mthumb -Wl,--start-group -lc -lm -Wl,--end-group
Finished building target: 042_FreeRTOS_ADC_Task_Notification.elf
 
arm-none-eabi-size   042_FreeRTOS_ADC_Task_Notification.elf 
arm-none-eabi-objdump -h -S  042_FreeRTOS_ADC_Task_Notification.elf  > "042_FreeRTOS_ADC_Task_Notification.list"
   text	   data	    bss	    dec	    hex	filename
  29744	    124	  20764	  50632	   c5c8	042_FreeRTOS_ADC_Task_Notification.elf
Finished building: default.size.stdout
 
Finished building: 042_FreeRTOS_ADC_Task_Notification.list
 

16:21:44 Build Finished. 0 errors, 0 warnings. (took 1s.814ms)

