16:42:08 **** Incremental Build of configuration Debug for project 035_FreeRTOS_EVENT_SYNC ****
make -j4 all 
arm-none-eabi-gcc "../Core/Src/main.c" -mcpu=cortex-m4 -std=gnu11 -g3 -DDEBUG -DUSE_HAL_DRIVER -DSTM32F407xx -c -I../Core/Inc -I../Drivers/STM32F4xx_HAL_Driver/Inc -I../Drivers/STM32F4xx_HAL_Driver/Inc/Legacy -I../Middlewares/Third_Party/FreeRTOS/Source/include -I../Middlewares/Third_Party/FreeRTOS/Source/CMSIS_RTOS_V2 -I../Middlewares/Third_Party/FreeRTOS/Source/portable/GCC/ARM_CM4F -I../Drivers/CMSIS/Device/ST/STM32F4xx/Include -I../Drivers/CMSIS/Include -O0 -ffunction-sections -fdata-sections -Wall -fstack-usage -fcyclomatic-complexity -MMD -MP -MF"Core/Src/main.d" -MT"Core/Src/main.o" --specs=nano.specs -mfpu=fpv4-sp-d16 -mfloat-abi=hard -mthumb -o "Core/Src/main.o"
arm-none-eabi-gcc -o "035_FreeRTOS_EVENT_SYNC.elf" @"objects.list"   -mcpu=cortex-m4 -T"C:\Users\mehmet.sahin\Desktop\BOOKS\Embedded_Systems\FreeRTOS\Mastering_the_FreeRTOS_Real_Time_Kernel\ST_Workspace\035_FreeRTOS_EVENT_SYNC\STM32F407VGTX_FLASH.ld" --specs=nosys.specs -Wl,-Map="035_FreeRTOS_EVENT_SYNC.map" -Wl,--gc-sections -static --specs=nano.specs -mfpu=fpv4-sp-d16 -mfloat-abi=hard -mthumb -Wl,--start-group -lc -lm -Wl,--end-group
Finished building target: 035_FreeRTOS_EVENT_SYNC.elf
 
arm-none-eabi-size   035_FreeRTOS_EVENT_SYNC.elf 
arm-none-eabi-objdump -h -S  035_FreeRTOS_EVENT_SYNC.elf  > "035_FreeRTOS_EVENT_SYNC.list"
   text	   data	    bss	    dec	    hex	filename
  30776	    136	  20688	  51600	   c990	035_FreeRTOS_EVENT_SYNC.elf
Finished building: default.size.stdout
 
Finished building: 035_FreeRTOS_EVENT_SYNC.list
 
16:42:16 **** Incremental Build of configuration Debug for project 035_FreeRTOS_EVENT_SYNC ****
make -j4 all 
arm-none-eabi-size   035_FreeRTOS_EVENT_SYNC.elf 
   text	   data	    bss	    dec	    hex	filename
  30776	    136	  20688	  51600	   c990	035_FreeRTOS_EVENT_SYNC.elf
Finished building: default.size.stdout
 
16:45:27 **** Incremental Build of configuration Debug for project 036_FreeRTOS_EVENT_SYNC2 ****
make -j4 all 
arm-none-eabi-size   036_FreeRTOS_EVENT_SYNC2.elf 
   text	   data	    bss	    dec	    hex	filename
  27812	    124	  20692	  48628	   bdf4	036_FreeRTOS_EVENT_SYNC2.elf
Finished building: default.size.stdout
 
