../Core/Src/main.c:67:13:vIntegerGenerator	32	static
../Core/Src/main.c:89:6:HAL_GPIO_EXTI_Callback	24	static,ignoring_inline_asm
../Core/Src/main.c:112:13:vStringPrinter	32	static
../Core/Src/main.c:127:5:main	16	static
../Core/Src/main.c:209:6:SystemClock_Config	88	static
../Core/Src/main.c:255:13:MX_USART2_UART_Init	8	static
../Core/Src/main.c:288:13:MX_GPIO_Init	40	static
../Core/Src/main.c:343:6:HAL_TIM_PeriodElapsedCallback	16	static
../Core/Src/main.c:360:6:Error_Handler	4	static,ignoring_inline_asm
