../Core/Src/main.c:69:6:HAL_GPIO_EXTI_Callback	16	static
../Core/Src/main.c:76:12:CheckTasksAreRunningWithoutError	4	static
../Core/Src/main.c:83:6:ToggleLED	8	static
../Core/Src/main.c:88:13:prvCheckTimerCallbackFunction	24	static
../Core/Src/main.c:103:5:main	24	static
../Core/Src/main.c:180:6:SystemClock_Config	88	static
../Core/Src/main.c:226:13:MX_USART2_UART_Init	8	static
../Core/Src/main.c:259:13:MX_GPIO_Init	40	static
../Core/Src/main.c:314:6:HAL_TIM_PeriodElapsedCallback	16	static
../Core/Src/main.c:331:6:Error_Handler	4	static,ignoring_inline_asm
