../Core/Src/main.c:66:6:HAL_GPIO_EXTI_Callback	40	static
../Core/Src/main.c:76:6:turnBackgroudLightON	8	static
../Core/Src/main.c:80:6:turnBackgroundLightOff	8	static
../Core/Src/main.c:84:6:prvBackgroundLightTimerCallback	16	static
../Core/Src/main.c:94:5:main	16	static
../Core/Src/main.c:170:6:SystemClock_Config	88	static
../Core/Src/main.c:216:13:MX_USART2_UART_Init	8	static
../Core/Src/main.c:249:13:MX_GPIO_Init	40	static
../Core/Src/main.c:304:6:HAL_TIM_PeriodElapsedCallback	16	static
../Core/Src/main.c:321:6:Error_Handler	4	static,ignoring_inline_asm
